ESP-ROM:esp32c3-api1-20210207
Build:Feb  7 2021
rst:0x15 (USB_UART_CHIP_RESET),boot:0x8 (SPI_FAST_FLASH_BOOT)
Saved PC:0x420096c8
SPIWP:0xee
mode:DIO, clock div:1
load:0x3fcd5830,len:0x1594
load:0x403cbf10,len:0xc9c
load:0x403ce710,len:0x300c
entry 0x403cbf10
I (24) boot: ESP-IDF 6.0.1 2nd stage bootloader
I (24) boot: compile time Jul 23 2026 11:38:35
I (24) boot: chip revision: v0.4
I (25) boot: efuse block revision: v1.3
I (25) boot.esp32c3: SPI Speed      : 80MHz
I (25) boot.esp32c3: SPI Mode       : DIO
I (25) boot.esp32c3: SPI Flash Size : 4MB
I (25) boot: Enabling RNG early entropy source...
I (25) boot: Partition Table:
I (25) boot: ## Label            Usage          Type ST Offset   Length
I (26) boot:  0 nvs              WiFi data        01 02 00009000 00006000
I (26) boot:  1 phy_init         RF data          01 01 0000f000 00001000
I (26) boot:  2 factory          factory app      00 00 00010000 00100000
I (26) boot: End of partition table
I (27) esp_image: segment 0: paddr=00010020 vaddr=3c020020 size=408a8h (264360) map
I (68) esp_image: segment 1: paddr=000508d0 vaddr=3fc89000 size=01768h (  5992) load
I (70) esp_image: segment 2: paddr=00052040 vaddr=40380000 size=08f70h ( 36720) load
I (76) esp_image: segment 3: paddr=0005afb8 vaddr=50000000 size=00024h (    36) load
I (77) esp_image: segment 4: paddr=0005afe4 vaddr=00000000 size=05034h ( 20532) 
I (80) esp_image: segment 5: paddr=00060020 vaddr=42000020 size=1b884h (112772) map
I (101) boot: Loaded app from partition at offset 0x10000
I (101) boot: Disabling RNG early entropy source...
I (102) cpu_start: Unicore app
I (110) cpu_start: Pro cpu start user code
I (110) cpu_start: cpu freq: 160000000 Hz
I (110) app_init: Application information:
I (110) app_init: Project name:     mnist_cnn_dw_int8_xiao_esp32c3
I (111) app_init: App version:      v0.1-135-gf72510c64-dirty
I (111) app_init: Compile time:     Jul 23 2026 11:38:18
I (111) app_init: ELF file SHA256:  b26b0ef73...
I (111) app_init: ESP-IDF:          6.0.1
I (111) efuse_init: Min chip rev:     v0.3
I (111) efuse_init: Max chip rev:     v1.99 
I (111) efuse_init: Chip rev:         v0.4
I (111) heap_init: Initializing. RAM available for dynamic allocation:
I (112) heap_init: At 3FCA3AF0 len 0001C510 (113 KiB): RAM
I (112) heap_init: At 3FCC0000 len 0001C710 (113 KiB): Retention RAM
I (112) heap_init: At 3FCDC710 len 00002950 (10 KiB): Retention RAM
I (112) heap_init: At 50000024 len 00001FC4 (7 KiB): RTCRAM
I (113) spi_flash: detected chip: generic
I (113) spi_flash: flash io: dio
I (113) sleep_gpio: Configure to isolate all GPIO pins in sleep state
I (113) sleep_gpio: Enable automatic switching of GPIO sleep configuration
I (114) main_task: Started on CPU0
I (114) main_task: Calling app_main()

netkit XIAO ESP32C3 MNIST DS-CNN int8 benchmark
  backend:     netkit reference (MCU ESP32C3, .nk loader)
  weights:     flash (embedded .nk blob)
  dtype:       int8 end-to-end
  classify:    argmax(logits) — final Softmax omitted
  images:      10 per run
  runs:        10 (discard first invoke each run)
  arena bytes: 98304
  sysclk:      160000000 Hz
  model:       loaded
  probe:       label=0 pred=0 pred_i8=17 out_i8=17,-9,-3,-10,-7,-6,6,-7,1,2

  per-digit results (final run):
    image  label  pred  pred_i8  ok
        0      0     0       17  yes
DIGIT_SUMMARY runtime=netkit model=cnn_dw_int8 image=0 label=0 pred=0 pred_i8=17 ok=1 out_i8=17,-9,-3,-10,-7,-6,6,-7,1,2
        1      1     1       12  yes
DIGIT_SUMMARY runtime=netkit model=cnn_dw_int8 image=1 label=1 pred=1 pred_i8=12 ok=1 out_i8=-5,12,-6,-10,-2,-3,-5,1,-4,-8
        2      2     2       21  yes
DIGIT_SUMMARY runtime=netkit model=cnn_dw_int8 image=2 label=2 pred=2 pred_i8=21 ok=1 out_i8=1,1,21,-5,-4,-13,-3,-7,-3,-6
        3      3     3        5  yes
DIGIT_SUMMARY runtime=netkit model=cnn_dw_int8 image=3 label=3 pred=3 pred_i8=5 ok=1 out_i8=-3,-6,0,5,-14,4,-4,-6,1,0
        4      4     4       19  yes
DIGIT_SUMMARY runtime=netkit model=cnn_dw_int8 image=4 label=4 pred=4 pred_i8=19 ok=1 out_i8=-10,-4,-2,-13,19,-9,-6,-6,2,4
        5      5     5       13  yes
DIGIT_SUMMARY runtime=netkit model=cnn_dw_int8 image=5 label=5 pred=5 pred_i8=13 ok=1 out_i8=-1,-10,-3,-8,-3,13,4,-10,4,2
        6      6     6       22  yes
DIGIT_SUMMARY runtime=netkit model=cnn_dw_int8 image=6 label=6 pred=6 pred_i8=22 ok=1 out_i8=5,-9,-6,-9,-4,0,22,-11,4,-5
        7      7     7       18  yes
DIGIT_SUMMARY runtime=netkit model=cnn_dw_int8 image=7 label=7 pred=7 pred_i8=18 ok=1 out_i8=-4,-3,-1,0,-6,-3,-20,18,-7,-1
        8      8     8       19  yes
DIGIT_SUMMARY runtime=netkit model=cnn_dw_int8 image=8 label=8 pred=8 pred_i8=19 ok=1 out_i8=-7,-16,8,-2,-5,-3,-8,-10,19,5
        9      9     9       19  yes
DIGIT_SUMMARY runtime=netkit model=cnn_dw_int8 image=9 label=9 pred=9 pred_i8=19 ok=1 out_i8=-11,-3,-1,-2,2,-4,-14,-10,5,19
  accuracy:    10/10 on final run

netkit MNIST cnn_dw int8 benchmark summary (reference-int8)
  method:      10 runs x 10 images, discard first invoke each run
  per-run avg: avg of images 1-9 (us)

  mean:   85768 us (85.768 ms)
BENCHMARK_SUMMARY runtime=netkit model=cnn_dw_int8 backend=reference-int8 mean_us=85768 runs=10

DONE
I (8809) main_task: Returned from app_main()
