ESP-ROM:esp32c3-api1-20210207
Build:Feb  7 2021
rst:0x15 (USB_UART_CHIP_RESET),boot:0x8 (SPI_FAST_FLASH_BOOT)
Saved PC:0x4201284e
SPIWP:0xee
mode:DIO, clock div:1
load:0x3fcd5830,len:0x1594
load:0x403cbf10,len:0xc9c
load:0x403ce710,len:0x300c
entry 0x403cbf10
I (24) boot: ESP-IDF 6.0.1 2nd stage bootloader
I (24) boot: compile time Jul 23 2026 12:01:59
I (24) boot: chip revision: v0.4
I (25) boot: efuse block revision: v1.3
I (25) boot.esp32c3: SPI Speed      : 80MHz
I (25) boot.esp32c3: SPI Mode       : DIO
I (25) boot.esp32c3: SPI Flash Size : 4MB
I (25) boot: Enabling RNG early entropy source...
I (25) boot: Partition Table:
I (25) boot: ## Label            Usage          Type ST Offset   Length
I (26) boot:  0 nvs              WiFi data        01 02 00009000 00006000
I (26) boot:  1 phy_init         RF data          01 01 0000f000 00001000
I (26) boot:  2 factory          factory app      00 00 00010000 00100000
I (26) boot: End of partition table
I (26) esp_image: segment 0: paddr=00010020 vaddr=3c020020 size=45e90h (286352) map
I (72) esp_image: segment 1: paddr=00055eb8 vaddr=3fc89200 size=01768h (  5992) load
I (73) esp_image: segment 2: paddr=00057628 vaddr=40380000 size=089f0h ( 35312) load
I (80) esp_image: segment 3: paddr=00060020 vaddr=42000020 size=1bce0h (113888) map
I (98) esp_image: segment 4: paddr=0007bd08 vaddr=403889f0 size=0064ch (  1612) load
I (98) esp_image: segment 5: paddr=0007c35c vaddr=50000000 size=00024h (    36) load
I (101) boot: Loaded app from partition at offset 0x10000
I (102) boot: Disabling RNG early entropy source...
I (103) cpu_start: Unicore app
I (111) cpu_start: Pro cpu start user code
I (111) cpu_start: cpu freq: 160000000 Hz
I (111) app_init: Application information:
I (111) app_init: Project name:     mnist_cnn_int8_tflm_xiao_esp32c
I (111) app_init: App version:      v0.1-135-gf72510c64-dirty
I (111) app_init: Compile time:     Jul 23 2026 12:01:41
I (111) app_init: ELF file SHA256:  54499e45f...
I (112) app_init: ESP-IDF:          6.0.1
I (112) efuse_init: Min chip rev:     v0.3
I (112) efuse_init: Max chip rev:     v1.99 
I (112) efuse_init: Chip rev:         v0.4
I (112) heap_init: Initializing. RAM available for dynamic allocation:
I (112) heap_init: At 3FCA38F0 len 0001C710 (113 KiB): RAM
I (112) heap_init: At 3FCC0000 len 0001C710 (113 KiB): Retention RAM
I (112) heap_init: At 3FCDC710 len 00002950 (10 KiB): Retention RAM
I (113) heap_init: At 50000024 len 00001FC4 (7 KiB): RTCRAM
I (113) spi_flash: detected chip: generic
I (113) spi_flash: flash io: dio
I (114) sleep_gpio: Configure to isolate all GPIO pins in sleep state
I (114) sleep_gpio: Enable automatic switching of GPIO sleep configuration
I (115) main_task: Started on CPU0
I (115) main_task: Calling app_main()

TFLM XIAO ESP32C3 MNIST CNN int8 benchmark
  backend:     tflm esp-nn int8 (MCU ESP32C3)
  model bytes: 235384
  input type:  int8 (prequantized test vectors)
  output type: int8
  images:      10 per run
  runs:        10 (discard first invoke each run)
  arena bytes: 98304
  sysclk:      160000000 Hz
  probe:       label=0 pred=0 pred_i8=127 out_i8=127,-128,-128,-128,-128,-128,-128,-128,-128,-128

  per-digit results (final run):
    image  label  pred  pred_i8  ok
        0      0     0      127  yes
DIGIT_SUMMARY runtime=tflm model=cnn_int8 image=0 label=0 pred=0 pred_i8=127 ok=1 out_i8=127,-128,-128,-128,-128,-128,-128,-128,-128,-128
        1      1     1      127  yes
DIGIT_SUMMARY runtime=tflm model=cnn_int8 image=1 label=1 pred=1 pred_i8=127 ok=1 out_i8=-128,127,-128,-128,-128,-128,-128,-128,-128,-128
        2      2     2      127  yes
DIGIT_SUMMARY runtime=tflm model=cnn_int8 image=2 label=2 pred=2 pred_i8=127 ok=1 out_i8=-128,-128,127,-128,-128,-128,-128,-128,-128,-128
        3      3     3      123  yes
DIGIT_SUMMARY runtime=tflm model=cnn_int8 image=3 label=3 pred=3 pred_i8=123 ok=1 out_i8=-128,-128,-128,123,-128,-123,-128,-128,-128,-128
        4      4     4      127  yes
DIGIT_SUMMARY runtime=tflm model=cnn_int8 image=4 label=4 pred=4 pred_i8=127 ok=1 out_i8=-128,-128,-128,-128,127,-128,-128,-128,-128,-128
        5      5     5      127  yes
DIGIT_SUMMARY runtime=tflm model=cnn_int8 image=5 label=5 pred=5 pred_i8=127 ok=1 out_i8=-128,-128,-128,-128,-128,127,-128,-128,-128,-128
        6      6     6      127  yes
DIGIT_SUMMARY runtime=tflm model=cnn_int8 image=6 label=6 pred=6 pred_i8=127 ok=1 out_i8=-128,-128,-128,-128,-128,-128,127,-128,-128,-128
        7      7     7      127  yes
DIGIT_SUMMARY runtime=tflm model=cnn_int8 image=7 label=7 pred=7 pred_i8=127 ok=1 out_i8=-128,-128,-128,-128,-128,-128,-128,127,-128,-128
        8      8     8      127  yes
DIGIT_SUMMARY runtime=tflm model=cnn_int8 image=8 label=8 pred=8 pred_i8=127 ok=1 out_i8=-128,-128,-128,-128,-128,-128,-128,-128,127,-128
        9      9     9      127  yes
DIGIT_SUMMARY runtime=tflm model=cnn_int8 image=9 label=9 pred=9 pred_i8=127 ok=1 out_i8=-128,-128,-128,-128,-128,-128,-128,-128,-128,127
  accuracy:    10/10 on final run

TFLM MNIST cnn int8 benchmark summary (esp-nn)
  method:      10 runs x 10 images, discard first invoke each run
  per-run avg: avg of images 1-9 (us)

  mean:   251373 us (251.373 ms)
BENCHMARK_SUMMARY runtime=tflm model=cnn_int8 backend=esp-nn mean_us=251373 runs=10

DONE
I (25522) main_task: Returned from app_main()
